// Jest Snapshot v1, https://goo.gl/fbAQLP

exports[`SearchBar Basic Search Bar Test 1`] = `
<div
  className="search-bar"
>
  <input
    className="search-bar__input"
    onChange={[Function]}
    placeholder="Search"
    type="text"
  />
</div>
`;
